SHELL=/bin/sh
PATH=/usr/local/sbin:/usr/local/bin:/sbin:/bin:/usr/sbin:/usr/bin

0 0 * * * root (find /root/.eddy -name "task-*" -type f -mtime +7 -exec rm {} \; ; find /home/eddy/.eddy -name "task-*" -type f -mtime +7 -exec rm {} \;) 2>&1
