host: ftp.example.com
username: username
password: password
driver: ftp
throw: true
