host: sftp.example.com
username: username
privateKey: /home/eddy/.ssh/id_rsa.pub
driver: sftp
throw: true
