host: sftp.example.com
username: username
password: password
driver: sftp
throw: true
