bucket: my-bucket
region: eu-west-1
driver: s3
throw: true
key: my-access-key
secret: my-secret-key
use_path_style_endpoint: false
